// Vitest Snapshot v1, https://vitest.dev/guide/snapshot.html

exports[`happy path > should find audio file metadata (no cache) 1`] = `
[
  {
    "author": "Jon Kabat-Zinn, American Public Media",
    "cover": {
      "format": "image/png",
      "size": 650759,
    },
    "duration": 44.85224489795918,
    "title": "Speaking of Faith from American Public Media",
    "warning": {},
  },
  {
    "author": "Robert Frost",
    "cover": {
      "format": "image/jpeg",
      "size": 93035,
    },
    "duration": 76.19918367346939,
    "title": "Poem of the Day from Poetry Foundation.org",
    "warning": {},
  },
]
`;

exports[`happy path > should find audio file metadata 1`] = `
[
  {
    "author": "Jon Kabat-Zinn, American Public Media",
    "cover": {
      "format": "image/png",
      "size": 650759,
    },
    "duration": 44.85224489795918,
    "title": "Speaking of Faith from American Public Media",
    "warning": {},
  },
  {
    "author": "Robert Frost",
    "cover": {
      "format": "image/jpeg",
      "size": 93035,
    },
    "duration": 76.19918367346939,
    "title": "Poem of the Day from Poetry Foundation.org",
    "warning": {},
  },
]
`;
